// Jest Snapshot v1, https://goo.gl/fbAQLP

exports[`Checkbox matches snapshot 1`] = `
<label
  class="checkbox"
>
  <input
    type="checkbox"
  />
  <span
    class="checkbox-title"
    data-testid="checkbox"
  >
    i like cookies
  </span>
</label>
`;
